// Jest Snapshot v1, https://goo.gl/fbAQLP

exports[`Item render should render usual item 1`] = `
ShallowWrapper {
  "complexSelector": ComplexSelector {
    "buildPredicate": [Function],
    "childrenOfNode": [Function],
    "findWhereUnwrapped": [Function],
  },
  "length": 1,
  "node": <Grid>
    <GridRow>
        <GridColumn
            width={3}
        >
            <Image
                alt="Hello, World"
                height={120}
                src="/dist/images/default.jpg"
                style={
                    Object {
                        "border": "1px solid red",
                        "margin": "5px",
                        "padding": "5px",
                      }
                }
                width={160}
            />
        </GridColumn>
        <GridColumn
            width={8}
        >
            <p>
                <Link
                    onlyActiveOnIndex={false}
                    style={Object {}}
                    to="/posts/5"
                >
                    Hello, world!
                </Link>
            </p>
            <ButtonEditPost
                id={undefined}
            />
            <hr />
            <MetaData
                author="Lost autor"
                createdAt="Today at 5:51 PM"
                updatedAt="Today at 5:51 PM"
            />
        </GridColumn>
    </GridRow>
    <Divider
        horizontal={true}
    />
</Grid>,
  "nodes": Array [
    <Grid>
      <GridRow>
            <GridColumn
                  width={3}
            >
                  <Image
                        alt="Hello, World"
                        height={120}
                        src="/dist/images/default.jpg"
                        style={
                              Object {
                                    "border": "1px solid red",
                                    "margin": "5px",
                                    "padding": "5px",
                                  }
                        }
                        width={160}
                  />
            </GridColumn>
            <GridColumn
                  width={8}
            >
                  <p>
                        <Link
                              onlyActiveOnIndex={false}
                              style={Object {}}
                              to="/posts/5"
                        >
                              Hello, world!
                        </Link>
                  </p>
                  <ButtonEditPost
                        id={undefined}
                  />
                  <hr />
                  <MetaData
                        author="Lost autor"
                        createdAt="Today at 5:51 PM"
                        updatedAt="Today at 5:51 PM"
                  />
            </GridColumn>
      </GridRow>
      <Divider
            horizontal={true}
      />
</Grid>,
  ],
  "options": Object {},
  "renderer": ReactShallowRenderer {
    "_instance": ShallowComponentWrapper {
      "_calledComponentWillUnmount": false,
      "_compositeType": 2,
      "_context": Object {},
      "_currentElement": <BlogItem
        element={
                Object {
                        "description": Object {
                          "text": "Hello, world!",
                        },
                        "image": Object {
                          "alt": "Hello, World",
                          "src": "/dist/images/default.jpg",
                        },
                        "link": "/posts/5",
                      }
        }
/>,
      "_debugID": 34,
      "_hostContainerInfo": null,
      "_hostParent": null,
      "_instance": StatelessComponent {
        "_reactInternalInstance": [Circular],
        "context": Object {},
        "props": Object {
          "element": Object {
            "description": Object {
              "text": "Hello, world!",
            },
            "image": Object {
              "alt": "Hello, World",
              "src": "/dist/images/default.jpg",
            },
            "link": "/posts/5",
          },
        },
        "refs": Object {},
        "state": null,
        "updater": Object {
          "enqueueCallback": [Function],
          "enqueueCallbackInternal": [Function],
          "enqueueElementInternal": [Function],
          "enqueueForceUpdate": [Function],
          "enqueueReplaceState": [Function],
          "enqueueSetState": [Function],
          "isMounted": [Function],
          "validateCallback": [Function],
        },
      },
      "_mountOrder": 2,
      "_pendingCallbacks": null,
      "_pendingElement": null,
      "_pendingForceUpdate": false,
      "_pendingReplaceState": false,
      "_pendingStateQueue": null,
      "_renderedComponent": NoopInternalComponent {
        "_currentElement": <Grid>
          <GridRow>
                    <GridColumn
                              width={3}
                    >
                              <Image
                                        alt="Hello, World"
                                        height={120}
                                        src="/dist/images/default.jpg"
                                        style={
                                                  Object {
                                                            "border": "1px solid red",
                                                            "margin": "5px",
                                                            "padding": "5px",
                                                          }
                                        }
                                        width={160}
                              />
                    </GridColumn>
                    <GridColumn
                              width={8}
                    >
                              <p>
                                        <Link
                                                  onlyActiveOnIndex={false}
                                                  style={Object {}}
                                                  to="/posts/5"
                                        >
                                                  Hello, world!
                                        </Link>
                              </p>
                              <ButtonEditPost
                                        id={undefined}
                              />
                              <hr />
                              <MetaData
                                        author="Lost autor"
                                        createdAt="Today at 5:51 PM"
                                        updatedAt="Today at 5:51 PM"
                              />
                    </GridColumn>
          </GridRow>
          <Divider
                    horizontal={true}
          />
</Grid>,
        "_debugID": 35,
        "_renderedOutput": <Grid>
          <GridRow>
                    <GridColumn
                              width={3}
                    >
                              <Image
                                        alt="Hello, World"
                                        height={120}
                                        src="/dist/images/default.jpg"
                                        style={
                                                  Object {
                                                            "border": "1px solid red",
                                                            "margin": "5px",
                                                            "padding": "5px",
                                                          }
                                        }
                                        width={160}
                              />
                    </GridColumn>
                    <GridColumn
                              width={8}
                    >
                              <p>
                                        <Link
                                                  onlyActiveOnIndex={false}
                                                  style={Object {}}
                                                  to="/posts/5"
                                        >
                                                  Hello, world!
                                        </Link>
                              </p>
                              <ButtonEditPost
                                        id={undefined}
                              />
                              <hr />
                              <MetaData
                                        author="Lost autor"
                                        createdAt="Today at 5:51 PM"
                                        updatedAt="Today at 5:51 PM"
                              />
                    </GridColumn>
          </GridRow>
          <Divider
                    horizontal={true}
          />
</Grid>,
      },
      "_renderedNodeType": 1,
      "_rootNodeID": 0,
      "_topLevelWrapper": null,
      "_updateBatchNumber": null,
      "_warnedAboutRefsInRender": false,
    },
    "getRenderOutput": [Function],
    "render": [Function],
  },
  "root": [Circular],
  "unrendered": <BlogItem
    element={
        Object {
            "description": Object {
              "text": "Hello, world!",
            },
            "image": Object {
              "alt": "Hello, World",
              "src": "/dist/images/default.jpg",
            },
            "link": "/posts/5",
          }
    }
/>,
}
`;
